// Jest Snapshot v1, https://goo.gl/fbAQLP

exports[`Image should have same snapshot when loading 1`] = `
<DocumentFragment>
  <span>
    <span
      class="css-19bon8n react-loading-skeleton"
      style="animation: animation-16jpnkj 1.2s ease-in-out infinite;"
    >
      ‌
    </span>
  </span>
  <img
    class="sc-bdVaJa fGYvF"
    src="none.jpg"
  />
</DocumentFragment>
`;
