// Jest Snapshot v1, https://goo.gl/fbAQLP

exports[`Label should have same snapshot 1`] = `
<DocumentFragment>
  <div
    class="sc-kAzzGY ftdBxt"
  >
    <span
      class="sc-htpNat SwWzv"
      color="#999"
    >
      title
    </span>
    <span
      class="sc-htpNat kNOgIk sc-chPdSV cMhbop"
      color="teal"
    >
      Value
    </span>
  </div>
</DocumentFragment>
`;
