// Jest Snapshot v1, https://goo.gl/fbAQLP

exports[`LabelList should match snapshot 1`] = `
<DocumentFragment>
  <div
    class="sc-hKwDye dodXuz"
  >
    <span
      class="sc-dkPtRN iBkRmY"
      color="#999"
    >
      label01
    </span>
    <span
      class="sc-dkPtRN uImFO sc-eCImPb gVHibD"
      color="teal"
    >
      value01
    </span>
  </div>
  <div
    class="sc-hKwDye dodXuz"
  >
    <span
      class="sc-dkPtRN iBkRmY"
      color="#999"
    >
      label02
    </span>
    <span
      class="sc-dkPtRN uImFO sc-eCImPb gVHibD"
      color="teal"
    >
      value02
    </span>
  </div>
</DocumentFragment>
`;
